Already sent (skip): 405 | today sent so far: 248/100000
Bounce breaker disabled (BOUNCE_LIMIT>=1.0) — skipping IMAP bounce check
Industry map loaded: 158 entries
Pool to attempt (after bad-skip): 99
SKIP (no MX): hire@career-parsons.com
[Telegram skipped - message @hsndmbetterbot once] 210
SENT 1 (today 249/100000): jobs@gobussma.com | cv_engineer
[Telegram skipped - message @hsndmbetterbot once] 212
SENT 2 (today 250/100000): ksa.job@pvhardware.com | cv_engineer
[Telegram skipped - message @hsndmbetterbot once] 214
SENT 3 (today 251/100000): hrd-ksa@danwayeme.com | cv_engineer
[Telegram skipped - message @hsndmbetterbot once] 216
SENT 4 (today 252/100000): modhi@luxury-management.sa | cv_engineer
[Telegram skipped - message @hsndmbetterbot once] 218
SENT 5 (today 253/100000): hr@roya.com.sa | cv_engineer
[Telegram skipped - message @hsndmbetterbot once] 220
SENT 6 (today 254/100000): hr@azharhco.com | cv_engineer
[Telegram skipped - message @hsndmbetterbot once] 222
SENT 7 (today 255/100000): hr@amlaktaibah.sa | cv_engineer
[Telegram skipped - message @hsndmbetterbot once] 224
SENT 8 (today 256/100000): jobs@sevens.sa | cv_engineer
[Telegram skipped - message @hsndmbetterbot once] 226
SENT 9 (today 257/100000): wijdan.alghamdi@yanbusteel.sa | cv_engineer
