Already sent (skip): 405 | today sent so far: 248/100000
Rolling 48h bounce rate: 12.4% (41 bounced in window)
Industry map loaded: 158 entries
Pool to attempt (after bad-skip): 99
SKIP (no MX): hire@career-parsons.com
[Telegram skipped - message @hsndmbetterbot once] 209
SENT 1 (today 249/100000): jobs@gobussma.com | cv_engineer
[Telegram skipped - message @hsndmbetterbot once] 211
SENT 2 (today 250/100000): ksa.job@pvhardware.com | cv_engineer
[Telegram skipped - message @hsndmbetterbot once] 213
SENT 3 (today 251/100000): hrd-ksa@danwayeme.com | cv_engineer
[Telegram skipped - message @hsndmbetterbot once] 215
SENT 4 (today 252/100000): modhi@luxury-management.sa | cv_engineer
[Telegram skipped - message @hsndmbetterbot once] 217
SENT 5 (today 253/100000): hr@roya.com.sa | cv_engineer
[Telegram skipped - message @hsndmbetterbot once] 219
SENT 6 (today 254/100000): hr@azharhco.com | cv_engineer
[Telegram skipped - message @hsndmbetterbot once] 221
SENT 7 (today 255/100000): hr@amlaktaibah.sa | cv_engineer
[Telegram skipped - message @hsndmbetterbot once] 223
SENT 8 (today 256/100000): jobs@sevens.sa | cv_engineer
[Telegram skipped - message @hsndmbetterbot once] 225
SENT 9 (today 257/100000): wijdan.alghamdi@yanbusteel.sa | cv_engineer
[Telegram skipped - message @hsndmbetterbot once] 227
SENT 10 (today 258/100000): career@sa.nestle.com | cv_engineer
[Telegram skipped - message @hsndmbetterbot once] 228
SENT 11 (today 259/100000): auc.hr@protocol.sa | cv_engineer
[Telegram skipped - message @hsndmbetterbot once] 229
SENT 12 (today 260/100000): hr@travelgate.com.sa | cv_engineer
[Telegram skipped - message @hsndmbetterbot once] 230
SENT 13 (today 261/100000): hiring@merkai.sa | cv_engineer
[Telegram skipped - message @hsndmbetterbot once] 231
SENT 14 (today 262/100000): hr01@liteway-lighting.com | cv_engineer
[Telegram skipped - message @hsndmbetterbot once] 232
SENT 15 (today 263/100000): hr@eu.com.sa | cv_engineer
[Telegram skipped - message @hsndmbetterbot once] 233
SENT 16 (today 264/100000): hiring@c-bloc.co | cv_engineer
[Telegram skipped - message @hsndmbetterbot once] 234
SENT 17 (today 265/100000): hiring@rayafinancing.com | cv_engineer
[Telegram skipped - message @hsndmbetterbot once] 235
SENT 18 (today 266/100000): hrd.ksa@target.ae | cv_engineer
[Telegram skipped - message @hsndmbetterbot once] 236
SENT 19 (today 267/100000): hr@mohitalahram.com.sa | cv_engineer
[Telegram skipped - message @hsndmbetterbot once] 237
SENT 20 (today 268/100000): jobs@iman-group.com | cv_engineer
[Telegram skipped - message @hsndmbetterbot once] 238
SENT 21 (today 269/100000): jobs@sabkaljusore.com | cv_engineer
[Telegram skipped - message @hsndmbetterbot once] 239
SENT 22 (today 270/100000): hr@aman.sa | cv_engineer
[Telegram skipped - message @hsndmbetterbot once] 240
SENT 23 (today 271/100000): meed-hr@mawarid-dt.com.sa | cv_engineer
[Telegram skipped - message @hsndmbetterbot once] 241
SENT 24 (today 272/100000): hr@theqa.sa | cv_engineer
[Telegram skipped - message @hsndmbetterbot once] 242
SENT 25 (today 273/100000): hr_ksa@cscec.ae | cv_engineer
[Telegram skipped - message @hsndmbetterbot once] 243
SENT 26 (today 274/100000): job@myanoosh.com | cv_engineer
[Telegram skipped - message @hsndmbetterbot once] 244
SENT 27 (today 275/100000): info@blue-scope.co | cv_engineer
[Telegram skipped - message @hsndmbetterbot once] 245
SENT 28 (today 276/100000): jobs@zeyut.com | cv_engineer
[Telegram skipped - message @hsndmbetterbot once] 246
SENT 29 (today 277/100000): jobs-ksa@dhbholding.com | cv_engineer
[Telegram skipped - message @hsndmbetterbot once] 247
SENT 30 (today 278/100000): career@alkuhaimi.com | cv_engineer
[Telegram skipped - message @hsndmbetterbot once] 248
SENT 31 (today 279/100000): s.arkula@paclindus.com | cv_engineer
[Telegram skipped - message @hsndmbetterbot once] 249
SENT 32 (today 280/100000): hr.ksa@byrnerental.com | cv_engineer
[Telegram skipped - message @hsndmbetterbot once] 250
SENT 33 (today 281/100000): cv@atlas-dis.com | cv_engineer
[Telegram skipped - message @hsndmbetterbot once] 251
SENT 34 (today 282/100000): recruitment@dopeamine.sa | cv_engineer
[Telegram skipped - message @hsndmbetterbot once] 252
SENT 35 (today 283/100000): jobs@almajal.sa | cv_engineer
[Telegram skipped - message @hsndmbetterbot once] 253
SENT 36 (today 284/100000): admin.s@unitedexpertise.com | cv_engineer
[Telegram skipped - message @hsndmbetterbot once] 254
SENT 37 (today 285/100000): hrjob@nasmati.net | cv_engineer
[Telegram skipped - message @hsndmbetterbot once] 255
SENT 38 (today 286/100000): recruitment@two.sa | cv_engineer
[Telegram skipped - message @hsndmbetterbot once] 256
SENT 39 (today 287/100000): hrjob@farhaintl.com | cv_engineer
[Telegram skipped - message @hsndmbetterbot once] 257
SENT 40 (today 288/100000): careers@riyadh-cables.com | cv_engineer
[Telegram skipped - message @hsndmbetterbot once] 258
SENT 41 (today 289/100000): saad.alotaibi@lxpantos.com | cv_engineer
[Telegram skipped - message @hsndmbetterbot once] 259
SENT 42 (today 290/100000): jobs@alhenaky.org | cv_engineer
[Telegram skipped - message @hsndmbetterbot once] 260
SENT 43 (today 291/100000): career@texofib.com | cv_engineer
[Telegram skipped - message @hsndmbetterbot once] 261
SENT 44 (today 292/100000): job@reval-sa.com | cv_engineer
[Telegram skipped - message @hsndmbetterbot once] 262
SENT 45 (today 293/100000): career@saudiradwa.com | cv_engineer
[Telegram skipped - message @hsndmbetterbot once] 263
SENT 46 (today 294/100000): hanouf.abuali@hilton.com | cv_engineer
[Telegram skipped - message @hsndmbetterbot once] 264
SENT 47 (today 295/100000): info@razeen-re.com | cv_engineer
[Telegram skipped - message @hsndmbetterbot once] 265
SENT 48 (today 296/100000): khalil.s@altoukhi.com | cv_engineer
[Telegram skipped - message @hsndmbetterbot once] 266
SENT 49 (today 297/100000): muqqadas@prglobals.com | cv_engineer
[Telegram skipped - message @hsndmbetterbot once] 267
SENT 50 (today 298/100000): careers@icad.com | cv_engineer
[Telegram skipped - message @hsndmbetterbot once] 268
SENT 51 (today 299/100000): job@alwasail.com | cv_engineer
[Telegram skipped - message @hsndmbetterbot once] 269
SENT 52 (today 300/100000): recruitment@taam.sa | cv_engineer
[Telegram skipped - message @hsndmbetterbot once] 270
SENT 53 (today 301/100000): jobs@emaan.com.sa | cv_engineer
[Telegram skipped - message @hsndmbetterbot once] 271
SENT 54 (today 302/100000): recruitment@lastmade.com | cv_engineer
[Telegram skipped - message @hsndmbetterbot once] 272
SENT 55 (today 303/100000): jobs@lepremier.com.sa | cv_engineer
[Telegram skipped - message @hsndmbetterbot once] 273
SENT 56 (today 304/100000): recruitment@gte.sa | cv_engineer
[Telegram skipped - message @hsndmbetterbot once] 274
SENT 57 (today 305/100000): cv@getsmart.sa | cv_engineer
[Telegram skipped - message @hsndmbetterbot once] 275
SENT 58 (today 306/100000): jobs@talatschool.edu.sa | cv_engineer
[Telegram skipped - message @hsndmbetterbot once] 276
SENT 59 (today 307/100000): talent.acquisition@almadina.com.sa | cv_engineer
[Telegram skipped - message @hsndmbetterbot once] 277
SENT 60 (today 308/100000): recruitment@darsonbol.com | cv_engineer
[Telegram skipped - message @hsndmbetterbot once] 278
SENT 61 (today 309/100000): reception.jeddah@falconpack.ae | cv_engineer
[Telegram skipped - message @hsndmbetterbot once] 279
SENT 62 (today 310/100000): gad-ah@nawaql.com.sa | cv_engineer
[Telegram skipped - message @hsndmbetterbot once] 280
SENT 63 (today 311/100000): recruitment@energiaksa.com | cv_engineer
[Telegram skipped - message @hsndmbetterbot once] 281
SENT 64 (today 312/100000): careers@saudipaper.com | cv_engineer
[Telegram skipped - message @hsndmbetterbot once] 282
SENT 65 (today 313/100000): recruitment@mytable.sa | cv_engineer
[Telegram skipped - message @hsndmbetterbot once] 283
SENT 66 (today 314/100000): career@mesmack.com | cv_engineer
[Telegram skipped - message @hsndmbetterbot once] 284
SENT 67 (today 315/100000): alkhidhr1@alkhedrcars.com | cv_engineer
[Telegram skipped - message @hsndmbetterbot once] 285
SENT 68 (today 316/100000): jobs@hululksa.com | cv_engineer
[Telegram skipped - message @hsndmbetterbot once] 286
SENT 69 (today 317/100000): yazeed.nasser@redanational.com | cv_engineer
[Telegram skipped - message @hsndmbetterbot once] 287
SENT 70 (today 318/100000): nadyah.alzuabi@exp.sa | cv_engineer
[Telegram skipped - message @hsndmbetterbot once] 288
SENT 71 (today 319/100000): jaber.alnajei@dalba.com.sa | cv_engineer
[Telegram skipped - message @hsndmbetterbot once] 289
SENT 72 (today 320/100000): jobs@starssmile.com.sa | cv_engineer
[Telegram skipped - message @hsndmbetterbot once] 290
SENT 73 (today 321/100000): career@leylaty.com.sa | cv_engineer
[Telegram skipped - message @hsndmbetterbot once] 291
SENT 74 (today 322/100000): inad.almalki@alfanar.com | cv_engineer
[Telegram skipped - message @hsndmbetterbot once] 292
SENT 75 (today 323/100000): forjobs@albenyah.com | cv_engineer
[Telegram skipped - message @hsndmbetterbot once] 293
SENT 76 (today 324/100000): recruitment@idev.com.sa | cv_engineer
[Telegram skipped - message @hsndmbetterbot once] 294
SENT 77 (today 325/100000): recruitment@advancedconstruction.com.sa | cv_construct
[Telegram skipped - message @hsndmbetterbot once] 295
SENT 78 (today 326/100000): careers@aldella.com.sa | cv_engineer
[Telegram skipped - message @hsndmbetterbot once] 296
SENT 79 (today 327/100000): careers@leejam.com.sa | cv_engineer
[Telegram skipped - message @hsndmbetterbot once] 297
SENT 80 (today 328/100000): jobs.aror@the-ascott.com | cv_engineer
[Telegram skipped - message @hsndmbetterbot once] 298
SENT 81 (today 329/100000): recruitment@asfourhotels.com | cv_engineer
[Telegram skipped - message @hsndmbetterbot once] 299
SENT 82 (today 330/100000): a.marzouk@jisrhc.com | cv_engineer
[Telegram skipped - message @hsndmbetterbot once] 300
SENT 83 (today 331/100000): talent@al-amthal.com.sa | cv_engineer
[Telegram skipped - message @hsndmbetterbot once] 301
SENT 84 (today 332/100000): jobs@sevencarlounge.com | cv_engineer
[Telegram skipped - message @hsndmbetterbot once] 302
SENT 85 (today 333/100000): jobs@alhotystanger.com | cv_engineer
[Telegram skipped - message @hsndmbetterbot once] 303
SENT 86 (today 334/100000): ksajobs@arabou.edu.sa | cv_engineer
[Telegram skipped - message @hsndmbetterbot once] 304
SENT 87 (today 335/100000): careers@growthpartner.sa | cv_engineer
[Telegram skipped - message @hsndmbetterbot once] 305
SENT 88 (today 336/100000): reception.hd@osaimiengineering.com | cv_engineer
[Telegram skipped - message @hsndmbetterbot once] 306
SENT 89 (today 337/100000): hr1@zyind-sa.com | cv_engineer
[Telegram skipped - message @hsndmbetterbot once] 307
SENT 90 (today 338/100000): jobs@tgrmccksa.com | cv_engineer
[Telegram skipped - message @hsndmbetterbot once] 308
SENT 91 (today 339/100000): fhs@f-horizon.com | cv_engineer
[Telegram skipped - message @hsndmbetterbot once] 309
SENT 92 (today 340/100000): job@dynexarabia.com | cv_engineer
[Telegram skipped - message @hsndmbetterbot once] 310
SENT 93 (today 341/100000): careers@feedco.com.sa | cv_engineer
[Telegram skipped - message @hsndmbetterbot once] 311
SENT 94 (today 342/100000): hr4@taxiat.com.sa | cv_engineer
[Telegram skipped - message @hsndmbetterbot once] 312
SENT 95 (today 343/100000): hr@roxashop.com | cv_engineer
[Telegram skipped - message @hsndmbetterbot once] 313
SENT 96 (today 344/100000): ibtsam@tpksa.com | cv_engineer
[Telegram skipped - message @hsndmbetterbot once] 314
SENT 97 (today 345/100000): hr@eastgas.com.sa | cv_engineer
[Telegram skipped - message @hsndmbetterbot once] 315
SENT 98 (today 346/100000): job@rosesweets.com.sa | cv_engineer

=== SAFE RUN COMPLETE: 98 sent today (cap 100000) ===
